Archive member included to satisfy reference by file (symbol)

D:/program_files/STM32CubeIDE_1.18.1/STM32CubeIDE/plugins/com.st.stm32cube.ide.mcu.externaltools.gnu-tools-for-stm32.13.3.rel1.win32_1.0.0.202411081344/tools/bin/../lib/gcc/arm-none-eabi/13.3.1/../../../../arm-none-eabi/lib/thumb/v7e-m+fp/hard\libc_nano.a(libc_a-exit.o)
                              D:/program_files/STM32CubeIDE_1.18.1/STM32CubeIDE/plugins/com.st.stm32cube.ide.mcu.externaltools.gnu-tools-for-stm32.13.3.rel1.win32_1.0.0.202411081344/tools/bin/../lib/gcc/arm-none-eabi/13.3.1/../../../../arm-none-eabi/lib/thumb/v7e-m+fp/hard/crt0.o (exit)
D:/program_files/STM32CubeIDE_1.18.1/STM32CubeIDE/plugins/com.st.stm32cube.ide.mcu.externaltools.gnu-tools-for-stm32.13.3.rel1.win32_1.0.0.202411081344/tools/bin/../lib/gcc/arm-none-eabi/13.3.1/../../../../arm-none-eabi/lib/thumb/v7e-m+fp/hard\libc_nano.a(libc_a-findfp.o)
                              D:/program_files/STM32CubeIDE_1.18.1/STM32CubeIDE/plugins/com.st.stm32cube.ide.mcu.externaltools.gnu-tools-for-stm32.13.3.rel1.win32_1.0.0.202411081344/tools/bin/../lib/gcc/arm-none-eabi/13.3.1/../../../../arm-none-eabi/lib/thumb/v7e-m+fp/hard\libc_nano.a(libc_a-exit.o) (__stdio_exit_handler)
D:/program_files/STM32CubeIDE_1.18.1/STM32CubeIDE/plugins/com.st.stm32cube.ide.mcu.externaltools.gnu-tools-for-stm32.13.3.rel1.win32_1.0.0.202411081344/tools/bin/../lib/gcc/arm-none-eabi/13.3.1/../../../../arm-none-eabi/lib/thumb/v7e-m+fp/hard\libc_nano.a(libc_a-fwalk.o)
                              D:/program_files/STM32CubeIDE_1.18.1/STM32CubeIDE/plugins/com.st.stm32cube.ide.mcu.externaltools.gnu-tools-for-stm32.13.3.rel1.win32_1.0.0.202411081344/tools/bin/../lib/gcc/arm-none-eabi/13.3.1/../../../../arm-none-eabi/lib/thumb/v7e-m+fp/hard\libc_nano.a(libc_a-findfp.o) (_fwalk_sglue)
D:/program_files/STM32CubeIDE_1.18.1/STM32CubeIDE/plugins/com.st.stm32cube.ide.mcu.externaltools.gnu-tools-for-stm32.13.3.rel1.win32_1.0.0.202411081344/tools/bin/../lib/gcc/arm-none-eabi/13.3.1/../../../../arm-none-eabi/lib/thumb/v7e-m+fp/hard\libc_nano.a(libc_a-stdio.o)
                              D:/program_files/STM32CubeIDE_1.18.1/STM32CubeIDE/plugins/com.st.stm32cube.ide.mcu.externaltools.gnu-tools-for-stm32.13.3.rel1.win32_1.0.0.202411081344/tools/bin/../lib/gcc/arm-none-eabi/13.3.1/../../../../arm-none-eabi/lib/thumb/v7e-m+fp/hard\libc_nano.a(libc_a-findfp.o) (__sread)
D:/program_files/STM32CubeIDE_1.18.1/STM32CubeIDE/plugins/com.st.stm32cube.ide.mcu.externaltools.gnu-tools-for-stm32.13.3.rel1.win32_1.0.0.202411081344/tools/bin/../lib/gcc/arm-none-eabi/13.3.1/../../../../arm-none-eabi/lib/thumb/v7e-m+fp/hard\libc_nano.a(libc_a-memset.o)
                              D:/program_files/STM32CubeIDE_1.18.1/STM32CubeIDE/plugins/com.st.stm32cube.ide.mcu.externaltools.gnu-tools-for-stm32.13.3.rel1.win32_1.0.0.202411081344/tools/bin/../lib/gcc/arm-none-eabi/13.3.1/../../../../arm-none-eabi/lib/thumb/v7e-m+fp/hard/crt0.o (memset)
D:/program_files/STM32CubeIDE_1.18.1/STM32CubeIDE/plugins/com.st.stm32cube.ide.mcu.externaltools.gnu-tools-for-stm32.13.3.rel1.win32_1.0.0.202411081344/tools/bin/../lib/gcc/arm-none-eabi/13.3.1/../../../../arm-none-eabi/lib/thumb/v7e-m+fp/hard\libc_nano.a(libc_a-closer.o)
                              D:/program_files/STM32CubeIDE_1.18.1/STM32CubeIDE/plugins/com.st.stm32cube.ide.mcu.externaltools.gnu-tools-for-stm32.13.3.rel1.win32_1.0.0.202411081344/tools/bin/../lib/gcc/arm-none-eabi/13.3.1/../../../../arm-none-eabi/lib/thumb/v7e-m+fp/hard\libc_nano.a(libc_a-stdio.o) (_close_r)
D:/program_files/STM32CubeIDE_1.18.1/STM32CubeIDE/plugins/com.st.stm32cube.ide.mcu.externaltools.gnu-tools-for-stm32.13.3.rel1.win32_1.0.0.202411081344/tools/bin/../lib/gcc/arm-none-eabi/13.3.1/../../../../arm-none-eabi/lib/thumb/v7e-m+fp/hard\libc_nano.a(libc_a-reent.o)
                              D:/program_files/STM32CubeIDE_1.18.1/STM32CubeIDE/plugins/com.st.stm32cube.ide.mcu.externaltools.gnu-tools-for-stm32.13.3.rel1.win32_1.0.0.202411081344/tools/bin/../lib/gcc/arm-none-eabi/13.3.1/../../../../arm-none-eabi/lib/thumb/v7e-m+fp/hard\libc_nano.a(libc_a-closer.o) (errno)
D:/program_files/STM32CubeIDE_1.18.1/STM32CubeIDE/plugins/com.st.stm32cube.ide.mcu.externaltools.gnu-tools-for-stm32.13.3.rel1.win32_1.0.0.202411081344/tools/bin/../lib/gcc/arm-none-eabi/13.3.1/../../../../arm-none-eabi/lib/thumb/v7e-m+fp/hard\libc_nano.a(libc_a-impure.o)
                              D:/program_files/STM32CubeIDE_1.18.1/STM32CubeIDE/plugins/com.st.stm32cube.ide.mcu.externaltools.gnu-tools-for-stm32.13.3.rel1.win32_1.0.0.202411081344/tools/bin/../lib/gcc/arm-none-eabi/13.3.1/../../../../arm-none-eabi/lib/thumb/v7e-m+fp/hard\libc_nano.a(libc_a-reent.o) (_impure_ptr)
[...]
Memory Configuration

Name             Origin             Length             Attributes
RAM              0x20000000         0x00020000         xrw
FLASH            0x08000000         0x00080000         xr
*default*        0x00000000         0xffffffff

Linker script and memory map

LOAD D:/program_files/STM32CubeIDE_1.18.1/STM32CubeIDE/plugins/com.st.stm32cube.ide.mcu.externaltools.gnu-tools-for-stm32.13.3.rel1.win32_1.0.0.202411081344/tools/bin/../lib/gcc/arm-none-eabi/13.3.1/thumb/v7e-m+fp/hard/crti.o
LOAD D:/program_files/STM32CubeIDE_1.18.1/STM32CubeIDE/plugins/com.st.stm32cube.ide.mcu.externaltools.gnu-tools-for-stm32.13.3.rel1.win32_1.0.0.202411081344/tools/bin/../lib/gcc/arm-none-eabi/13.3.1/thumb/v7e-m+fp/hard/crtbegin.o
LOAD D:/program_files/STM32CubeIDE_1.18.1/STM32CubeIDE/plugins/com.st.stm32cube.ide.mcu.externaltools.gnu-tools-for-stm32.13.3.rel1.win32_1.0.0.202411081344/tools/bin/../lib/gcc/arm-none-eabi/13.3.1/../../../../arm-none-eabi/lib/thumb/v7e-m+fp/hard/crt0.o
LOAD ./Core/Src/MFRC522.o
LOAD ./Core/Src/button.o
LOAD ./Core/Src/clock.o
LOAD ./Core/Src/main.o
LOAD ./Core/Src/servo.o
LOAD ./Core/Src/ssd1306.o
LOAD ./Core/Src/stm32_uart.o
LOAD ./Core/Src/stm32f4xx_hal_msp.o
LOAD ./Core/Src/stm32f4xx_it.o
LOAD ./Core/Src/syscalls.o
LOAD ./Core/Src/sysmem.o
LOAD ./Core/Src/system_stm32f4xx.o
LOAD ./Core/Src/timer.o
LOAD ./Core/Startup/startup_stm32f411vetx.o
LOAD ./Drivers/STM32F4xx_HAL_Driver/Src/stm32f4xx_hal.o
LOAD ./Drivers/STM32F4xx_HAL_Driver/Src/stm32f4xx_hal_cortex.o
LOAD ./Drivers/STM32F4xx_HAL_Driver/Src/stm32f4xx_hal_dma.o
LOAD ./Drivers/STM32F4xx_HAL_Driver/Src/stm32f4xx_hal_dma_ex.o
LOAD ./Drivers/STM32F4xx_HAL_Driver/Src/stm32f4xx_hal_exti.o
LOAD ./Drivers/STM32F4xx_HAL_Driver/Src/stm32f4xx_hal_flash.o
LOAD ./Drivers/STM32F4xx_HAL_Driver/Src/stm32f4xx_hal_flash_ex.o
LOAD ./Drivers/STM32F4xx_HAL_Driver/Src/stm32f4xx_hal_flash_ramfunc.o
LOAD ./Drivers/STM32F4xx_HAL_Driver/Src/stm32f4xx_hal_gpio.o
LOAD ./Drivers/STM32F4xx_HAL_Driver/Src/stm32f4xx_hal_pwr.o
LOAD ./Drivers/STM32F4xx_HAL_Driver/Src/stm32f4xx_hal_pwr_ex.o
LOAD ./Drivers/STM32F4xx_HAL_Driver/Src/stm32f4xx_hal_rcc.o
LOAD ./Drivers/STM32F4xx_HAL_Driver/Src/stm32f4xx_hal_rcc_ex.o
START GROUP
LOAD D:/program_files/STM32CubeIDE_1.18.1/STM32CubeIDE/plugins/com.st.stm32cube.ide.mcu.externaltools.gnu-tools-for-stm32.13.3.rel1.win32_1.0.0.202411081344/tools/bin/../lib/gcc/arm-none-eabi/13.3.1/../../../../arm-none-eabi/lib/thumb/v7e-m+fp/hard\libc_nano.a
LOAD D:/program_files/STM32CubeIDE_1.18.1/STM32CubeIDE/plugins/com.st.stm32cube.ide.mcu.externaltools.gnu-tools-for-stm32.13.3.rel1.win32_1.0.0.202411081344/tools/bin/../lib/gcc/arm-none-eabi/13.3.1/../../../../arm-none-eabi/lib/thumb/v7e-m+fp/hard\libm.a
END GROUP
START GROUP
LOAD D:/program_files/STM32CubeIDE_1.18.1/STM32CubeIDE/plugins/com.st.stm32cube.ide.mcu.externaltools.gnu-tools-for-stm32.13.3.rel1.win32_1.0.0.202411081344/tools/bin/../lib/gcc/arm-none-eabi/13.3.1/thumb/v7e-m+fp/hard\libgcc.a
LOAD D:/program_files/STM32CubeIDE_1.18.1/STM32CubeIDE/plugins/com.st.stm32cube.ide.mcu.externaltools.gnu-tools-for-stm32.13.3.rel1.win32_1.0.0.202411081344/tools/bin/../lib/gcc/arm-none-eabi/13.3.1/../../../../arm-none-eabi/lib/thumb/v7e-m+fp/hard\libc_nano.a
END GROUP
START GROUP
LOAD D:/program_files/STM32CubeIDE_1.18.1/STM32CubeIDE/plugins/com.st.stm32cube.ide.mcu.externaltools.gnu-tools-for-stm32.13.3.rel1.win32_1.0.0.202411081344/tools/bin/../lib/gcc/arm-none-eabi/13.3.1/thumb/v7e-m+fp/hard\libgcc.a
LOAD D:/program_files/STM32CubeIDE_1.18.1/STM32CubeIDE/plugins/com.st.stm32cube.ide.mcu.externaltools.gnu-tools-for-stm32.13.3.rel1.win32_1.0.0.202411081344/tools/bin/../lib/gcc/arm-none-eabi/13.3.1/../../../../arm-none-eabi/lib/thumb/v7e-m+fp/hard\libc_nano.a
LOAD D:/program_files/STM32CubeIDE_1.18.1/STM32CubeIDE/plugins/com.st.stm32cube.ide.mcu.externaltools.gnu-tools-for-stm32.13.3.rel1.win32_1.0.0.202411081344/tools/bin/../lib/gcc/arm-none-eabi/13.3.1/../../../../arm-none-eabi/lib/thumb/v7e-m+fp/hard\libnosys.a
END GROUP
START GROUP
LOAD D:/program_files/STM32CubeIDE_1.18.1/STM32CubeIDE/plugins/com.st.stm32cube.ide.mcu.externaltools.gnu-tools-for-stm32.13.3.rel1.win32_1.0.0.202411081344/tools/bin/../lib/gcc/arm-none-eabi/13.3.1/thumb/v7e-m+fp/hard\libgcc.a
LOAD D:/program_files/STM32CubeIDE_1.18.1/STM32CubeIDE/plugins/com.st.stm32cube.ide.mcu.externaltools.gnu-tools-for-stm32.13.3.rel1.win32_1.0.0.202411081344/tools/bin/../lib/gcc/arm-none-eabi/13.3.1/../../../../arm-none-eabi/lib/thumb/v7e-m+fp/hard\libc_nano.a
LOAD D:/program_files/STM32CubeIDE_1.18.1/STM32CubeIDE/plugins/com.st.stm32cube.ide.mcu.externaltools.gnu-tools-for-stm32.13.3.rel1.win32_1.0.0.202411081344/tools/bin/../lib/gcc/arm-none-eabi/13.3.1/../../../../arm-none-eabi/lib/thumb/v7e-m+fp/hard\libnosys.a
END GROUP
LOAD D:/program_files/STM32CubeIDE_1.18.1/STM32CubeIDE/plugins/com.st.stm32cube.ide.mcu.externaltools.gnu-tools-for-stm32.13.3.rel1.win32_1.0.0.202411081344/tools/bin/../lib/gcc/arm-none-eabi/13.3.1/thumb/v7e-m+fp/hard/crtend.o
LOAD D:/program_files/STM32CubeIDE_1.18.1/STM32CubeIDE/plugins/com.st.stm32cube.ide.mcu.externaltools.gnu-tools-for-stm32.13.3.rel1.win32_1.0.0.202411081344/tools/bin/../lib/gcc/arm-none-eabi/13.3.1/thumb/v7e-m+fp/hard/crtn.o
                0x20020000                        _estack = (ORIGIN (RAM) + LENGTH (RAM))
                0x00000200                        _Min_Heap_Size = 0x200
                0x00000400                        _Min_Stack_Size = 0x400

.isr_vector     0x08000000      0x198
                0x08000000                        . = ALIGN (0x4)
 *(.isr_vector)
 .isr_vector    0x08000000      0x198 ./Core/Startup/startup_stm32f411vetx.o
                0x08000000                g_pfnVectors
                0x08000198                        . = ALIGN (0x4)

.text           0x08000198     0x1994
                0x08000198                        . = ALIGN (0x4)
 *(.text)
 .text          0x08000198       0x40 D:/program_files/STM32CubeIDE_1.18.1/STM32CubeIDE/plugins/com.st.stm32cube.ide.mcu.externaltools.gnu-tools-for-stm32.13.3.rel1.win32_1.0.0.202411081344/tools/bin/../lib/gcc/arm-none-eabi/13.3.1/thumb/v7e-m+fp/hard/crtbegin.o
 *(.text*)
 .text.MFRC522_IsValidUID
                0x080001d8       0x36 ./Core/Src/MFRC522.o
                0x080001d8                MFRC522_IsValidUID
 *fill*         0x0800020e        0x2 
 .text.MFRC522_RemoveUID
                0x08000210       0x50 ./Core/Src/MFRC522.o
                0x08000210                MFRC522_RemoveUID
 .text.MFRC522_CheckAndStoreUID
                0x08000260       0x4c ./Core/Src/MFRC522.o
                0x08000260                MFRC522_CheckAndStoreUID
 .text.MFRC522_IsTagPresent
                0x080002ac       0x1a ./Core/Src/MFRC522.o
                0x080002ac                MFRC522_IsTagPresent
 *fill*         0x080002c6        0x2 
 .text.remove_UID
                0x080002c8       0x78 ./Core/Src/MFRC522.o
 .text.find_UID
                0x08000340       0x78 ./Core/Src/MFRC522.o
 .text.UID_is_new
                0x080003b8       0x74 ./Core/Src/MFRC522.o
 .text.UID_list_is_NOT_full
                0x0800042c       0x20 ./Core/Src/MFRC522.o
 .text.store_UID
                0x0800044c       0x54 ./Core/Src/MFRC522.o
 .text.check_BCC
                0x080004a0       0x4a ./Core/Src/MFRC522.o
 .text.sendRequest
                0x080004ea       0x54 ./Core/Src/MFRC522.o
 .text.anticoll
                0x0800053e       0x80 ./Core/Src/MFRC522.o
 .text.send2Card
                0x080005be      0x124 ./Core/Src/MFRC522.o
 .text.ClearState
                0x080006e2       0x28 ./Core/Src/MFRC522.o
 *fill*         0x0800070a        0x2 
 .text.SPI_Receive
                0x0800070c       0xb4 ./Core/Src/MFRC522.o
 .text.SPI_Transmit
                0x080007c0       0xb4 ./Core/Src/MFRC522.o
 .text.select_MFRC522
                0x08000874       0x28 ./Core/Src/MFRC522.o
 .text.NOT_select_MFRC522
                0x0800089c       0x28 ./Core/Src/MFRC522.o
 .text.write    0x080008c4       0x2c ./Core/Src/MFRC522.o
 .text.read     0x080008f0       0x28 ./Core/Src/MFRC522.o
 .text.ClearBitMask
                0x08000918       0x40 ./Core/Src/MFRC522.o
 .text.SetBitMask
                0x08000958       0x36 ./Core/Src/MFRC522.o
 .text.AntennaON
                0x0800098e       0x10 ./Core/Src/MFRC522.o
 .text.MFRC522_Init
                0x0800099e       0x4a ./Core/Src/MFRC522.o
                0x0800099e                MFRC522_Init
 .text.SPI_Init
                0x080009e8       0xd8 ./Core/Src/MFRC522.o
                0x080009e8                SPI_Init
 .text.delay_ms
                0x08000ac0       0x3e ./Core/Src/button.o
 *fill*         0x08000afe        0x2 
 .text.isPressed
                0x08000b00       0x30 ./Core/Src/button.o
 .text.selectMODE
                0x08000b30       0x7c ./Core/Src/button.o
 .text.EXTI1_IRQHandler
                0x08000bac       0x7c ./Core/Src/button.o
                0x08000bac                EXTI1_IRQHandler
 .text.BUTTON_Init
                0x08000c28       0x78 ./Core/Src/button.o
                0x08000c28                BUTTON_Init
 .text.APB2_clock_enable
                0x08000ca0       0x30 ./Core/Src/clock.o
                0x08000ca0                APB2_clock_enable
 .text.APB1_clock_enable
                0x08000cd0       0x30 ./Core/Src/clock.o
                0x08000cd0                APB1_clock_enable
 .text.AHB1_clock_enable
                0x08000d00       0x30 ./Core/Src/clock.o
                0x08000d00                AHB1_clock_enable
 .text.RCC_Init
                0x08000d30       0xf8 ./Core/Src/clock.o
                0x08000d30                RCC_Init
 .text.main     0x08000e28      0x124 ./Core/Src/main.o
                0x08000e28                main
 .text.door_open
                0x08000f4c       0x14 ./Core/Src/servo.o
                0x08000f4c                door_open
 .text.door_close
                0x08000f60        0xe ./Core/Src/servo.o
                0x08000f60                door_close
 *fill*         0x08000f6e        0x2 
 .text.SERVO_Ctrl
                0x08000f70       0x24 ./Core/Src/servo.o
 .text.SERVO_setAngle
                0x08000f94       0x70 ./Core/Src/servo.o
                0x08000f94                SERVO_setAngle
 .text.SERVO_Init
                0x08001004      0x10c ./Core/Src/servo.o
                0x08001004                SERVO_Init
 .text.SSD1306_default_mode
                0x08001110       0x24 ./Core/Src/ssd1306.o
                0x08001110                SSD1306_default_mode
 .text.SSD1306_ClrPage
                0x08001134       0x38 ./Core/Src/ssd1306.o
                0x08001134                SSD1306_ClrPage
 .text.SSD1306_print8x16
                0x0800116c       0xec ./Core/Src/ssd1306.o
                0x0800116c                SSD1306_print8x16
 .text.SSD1306_print6x8
                0x08001258       0xc0 ./Core/Src/ssd1306.o
                0x08001258                SSD1306_print6x8
 .text.SSD1306_ClrScr
                0x08001318       0x46 ./Core/Src/ssd1306.o
                0x08001318                SSD1306_ClrScr
 .text.SSD1306_Init
                0x0800135e       0xb4 ./Core/Src/ssd1306.o
                0x0800135e                SSD1306_Init
 .text.get_size
                0x08001412       0x2e ./Core/Src/ssd1306.o
 .text.gotoxy   0x08001440       0x52 ./Core/Src/ssd1306.o
 *fill*         0x08001492        0x2 
 .text.I2C_send_byte
                0x08001494       0x40 ./Core/Src/ssd1306.o
 .text.I2C_stop
                0x080014d4       0x28 ./Core/Src/ssd1306.o
 .text.I2C_send_addr
                0x080014fc       0x68 ./Core/Src/ssd1306.o
 .text.I2C_start
                0x08001564       0x40 ./Core/Src/ssd1306.o
 .text.OLED_WriteData
                0x080015a4       0x30 ./Core/Src/ssd1306.o
 .text.OLED_WriteCMD
                0x080015d4       0x30 ./Core/Src/ssd1306.o
 .text.I2C_Init
                0x08001604       0xdc ./Core/Src/ssd1306.o
                0x08001604                I2C_Init
 .text.UART_sendString
                0x080016e0       0x3c ./Core/Src/stm32_uart.o
                0x080016e0                UART_sendString
 .text.get_size
                0x0800171c       0x2e ./Core/Src/stm32_uart.o
 *fill*         0x0800174a        0x2 
 .text.UART_sendChar
                0x0800174c       0x40 ./Core/Src/stm32_uart.o
                0x0800174c                UART_sendChar
 .text.UART_Init
                0x0800178c       0xa4 ./Core/Src/stm32_uart.o
                0x0800178c                UART_Init
 .text.NMI_Handler
                0x08001830        0x8 ./Core/Src/stm32f4xx_it.o
                0x08001830                NMI_Handler
 .text.HardFault_Handler
                0x08001838        0x8 ./Core/Src/stm32f4xx_it.o
                0x08001838                HardFault_Handler
 .text.MemManage_Handler
                0x08001840        0x8 ./Core/Src/stm32f4xx_it.o
                0x08001840                MemManage_Handler
 .text.BusFault_Handler
                0x08001848        0x8 ./Core/Src/stm32f4xx_it.o
                0x08001848                BusFault_Handler
 .text.UsageFault_Handler
                0x08001850        0x8 ./Core/Src/stm32f4xx_it.o
                0x08001850                UsageFault_Handler
 .text.SVC_Handler
                0x08001858        0xe ./Core/Src/stm32f4xx_it.o
                0x08001858                SVC_Handler
 .text.DebugMon_Handler
                0x08001866        0xe ./Core/Src/stm32f4xx_it.o
                0x08001866                DebugMon_Handler
 .text.PendSV_Handler
                0x08001874        0xe ./Core/Src/stm32f4xx_it.o
                0x08001874                PendSV_Handler
 .text.SysTick_Handler
                0x08001882        0xc ./Core/Src/stm32f4xx_it.o
                0x08001882                SysTick_Handler
 *fill*         0x0800188e        0x2 
 .text.SystemInit
                0x08001890       0x24 ./Core/Src/system_stm32f4xx.o
                0x08001890                SystemInit
 .text.delay_millisec
                0x080018b4       0x30 ./Core/Src/timer.o
                0x080018b4                delay_millisec
 .text.delay_sec
                0x080018e4       0x30 ./Core/Src/timer.o
                0x080018e4                delay_sec
 .text.TIM1_UP_TIM10_IRQHandler
                0x08001914       0x38 ./Core/Src/timer.o
                0x08001914                TIM1_UP_TIM10_IRQHandler
 .text.millisec_config
                0x0800194c       0x48 ./Core/Src/timer.o
 .text.sec_config
                0x08001994       0x48 ./Core/Src/timer.o
 .text.TIM_Init
                0x080019dc       0x74 ./Core/Src/timer.o
                0x080019dc                TIM_Init
 .text.Reset_Handler
                0x08001a50       0x50 ./Core/Startup/startup_stm32f411vetx.o
                0x08001a50                Reset_Handler
 .text.Default_Handler
                0x08001aa0        0x2 ./Core/Startup/startup_stm32f411vetx.o
                0x08001aa0                RTC_Alarm_IRQHandler
                0x08001aa0                EXTI2_IRQHandler
                0x08001aa0                SPI4_IRQHandler
                0x08001aa0                TIM1_CC_IRQHandler
                0x08001aa0                DMA2_Stream5_IRQHandler
                0x08001aa0                DMA1_Stream5_IRQHandler
                0x08001aa0                PVD_IRQHandler
                0x08001aa0                SDIO_IRQHandler
                0x08001aa0                TAMP_STAMP_IRQHandler
                0x08001aa0                EXTI3_IRQHandler
                0x08001aa0                I2C3_ER_IRQHandler
                0x08001aa0                EXTI0_IRQHandler
                0x08001aa0                I2C2_EV_IRQHandler
                0x08001aa0                DMA1_Stream2_IRQHandler
                0x08001aa0                FPU_IRQHandler
                0x08001aa0                DMA2_Stream2_IRQHandler
                0x08001aa0                SPI1_IRQHandler
                0x08001aa0                TIM1_BRK_TIM9_IRQHandler
                0x08001aa0                DMA2_Stream3_IRQHandler
                0x08001aa0                USART6_IRQHandler
                0x08001aa0                DMA2_Stream0_IRQHandler
                0x08001aa0                TIM4_IRQHandler
                0x08001aa0                I2C1_EV_IRQHandler
                0x08001aa0                DMA1_Stream6_IRQHandler
                0x08001aa0                DMA1_Stream1_IRQHandler
                0x08001aa0                TIM3_IRQHandler
                0x08001aa0                RCC_IRQHandler
                0x08001aa0                Default_Handler
                0x08001aa0                EXTI15_10_IRQHandler
                0x08001aa0                ADC_IRQHandler
                0x08001aa0                DMA1_Stream7_IRQHandler
                0x08001aa0                SPI5_IRQHandler
                0x08001aa0                TIM5_IRQHandler
                0x08001aa0                DMA2_Stream7_IRQHandler
                0x08001aa0                I2C3_EV_IRQHandler
                0x08001aa0                EXTI9_5_IRQHandler
                0x08001aa0                RTC_WKUP_IRQHandler
                0x08001aa0                SPI2_IRQHandler
                0x08001aa0                DMA1_Stream0_IRQHandler
                0x08001aa0                EXTI4_IRQHandler
                0x08001aa0                WWDG_IRQHandler
                0x08001aa0                TIM2_IRQHandler
                0x08001aa0                OTG_FS_WKUP_IRQHandler
                0x08001aa0                TIM1_TRG_COM_TIM11_IRQHandler
                0x08001aa0                USART2_IRQHandler
                0x08001aa0                I2C2_ER_IRQHandler
                0x08001aa0                DMA2_Stream1_IRQHandler
                0x08001aa0                FLASH_IRQHandler
                0x08001aa0                DMA2_Stream4_IRQHandler
                0x08001aa0                USART1_IRQHandler
                0x08001aa0                OTG_FS_IRQHandler
                0x08001aa0                SPI3_IRQHandler
                0x08001aa0                DMA1_Stream4_IRQHandler
                0x08001aa0                I2C1_ER_IRQHandler
                0x08001aa0                DMA2_Stream6_IRQHandler
                0x08001aa0                DMA1_Stream3_IRQHandler
 *fill*         0x08001aa2        0x2 
 .text.HAL_IncTick
                0x08001aa4       0x28 ./Drivers/STM32F4xx_HAL_Driver/Src/stm32f4xx_hal.o
                0x08001aa4                HAL_IncTick
 .text.__libc_init_array
                0x08001acc       0x48 D:/program_files/STM32CubeIDE_1.18.1/STM32CubeIDE/plugins/com.st.stm32cube.ide.mcu.externaltools.gnu-tools-for-stm32.13.3.rel1.win32_1.0.0.202411081344/tools/bin/../lib/gcc/arm-none-eabi/13.3.1/../../../../arm-none-eabi/lib/thumb/v7e-m+fp/hard\libc_nano.a(libc_a-init.o)
                0x08001acc                __libc_init_array
 *(.glue_7)
 .glue_7        0x08001b14        0x0 linker stubs
 *(.glue_7t)
 .glue_7t       0x08001b14        0x0 linker stubs
 *(.eh_frame)
 .eh_frame      0x08001b14        0x0 D:/program_files/STM32CubeIDE_1.18.1/STM32CubeIDE/plugins/com.st.stm32cube.ide.mcu.externaltools.gnu-tools-for-stm32.13.3.rel1.win32_1.0.0.202411081344/tools/bin/../lib/gcc/arm-none-eabi/13.3.1/thumb/v7e-m+fp/hard/crtbegin.o
 *(.init)
 .init          0x08001b14        0x4 D:/program_files/STM32CubeIDE_1.18.1/STM32CubeIDE/plugins/com.st.stm32cube.ide.mcu.externaltools.gnu-tools-for-stm32.13.3.rel1.win32_1.0.0.202411081344/tools/bin/../lib/gcc/arm-none-eabi/13.3.1/thumb/v7e-m+fp/hard/crti.o
                0x08001b14                _init
 .init          0x08001b18        0x8 D:/program_files/STM32CubeIDE_1.18.1/STM32CubeIDE/plugins/com.st.stm32cube.ide.mcu.externaltools.gnu-tools-for-stm32.13.3.rel1.win32_1.0.0.202411081344/tools/bin/../lib/gcc/arm-none-eabi/13.3.1/thumb/v7e-m+fp/hard/crtn.o
 *(.fini)
 .fini          0x08001b20        0x4 D:/program_files/STM32CubeIDE_1.18.1/STM32CubeIDE/plugins/com.st.stm32cube.ide.mcu.externaltools.gnu-tools-for-stm32.13.3.rel1.win32_1.0.0.202411081344/tools/bin/../lib/gcc/arm-none-eabi/13.3.1/thumb/v7e-m+fp/hard/crti.o
                0x08001b20                _fini
 .fini          0x08001b24        0x8 D:/program_files/STM32CubeIDE_1.18.1/STM32CubeIDE/plugins/com.st.stm32cube.ide.mcu.externaltools.gnu-tools-for-stm32.13.3.rel1.win32_1.0.0.202411081344/tools/bin/../lib/gcc/arm-none-eabi/13.3.1/thumb/v7e-m+fp/hard/crtn.o
                0x08001b2c                        . = ALIGN (0x4)
                0x08001b2c                        _etext = .

.vfp11_veneer   0x08001b2c        0x0
 .vfp11_veneer  0x08001b2c        0x0 linker stubs

.v4_bx          0x08001b2c        0x0
 .v4_bx         0x08001b2c        0x0 linker stubs

.iplt           0x08001b2c        0x0
 .iplt          0x08001b2c        0x0 D:/program_files/STM32CubeIDE_1.18.1/STM32CubeIDE/plugins/com.st.stm32cube.ide.mcu.externaltools.gnu-tools-for-stm32.13.3.rel1.win32_1.0.0.202411081344/tools/bin/../lib/gcc/arm-none-eabi/13.3.1/thumb/v7e-m+fp/hard/crtbegin.o

.rodata         0x08001b2c       0xe0
                0x08001b2c                        . = ALIGN (0x4)
 *(.rodata)
 .rodata        0x08001b2c       0x2e ./Core/Src/button.o
 *fill*         0x08001b5a        0x2 
 .rodata        0x08001b5c       0x8e ./Core/Src/main.o
 *fill*         0x08001bea        0x2 
 .rodata        0x08001bec       0x1e ./Core/Src/ssd1306.o
 *(.rodata*)
                0x08001c0c                        . = ALIGN (0x4)
 *fill*         0x08001c0a        0x2 

.ARM.extab      0x08001c0c        0x0
                0x08001c0c                        . = ALIGN (0x4)
 *(.ARM.extab* .gnu.linkonce.armextab.*)
                0x08001c0c                        . = ALIGN (0x4)

.ARM            0x08001c0c        0x0
                0x08001c0c                        . = ALIGN (0x4)
                0x08001c0c                        __exidx_start = .
 *(.ARM.exidx*)
                0x08001c0c                        __exidx_end = .
                0x08001c0c                        . = ALIGN (0x4)

.preinit_array  0x08001c0c        0x0
                0x08001c0c                        . = ALIGN (0x4)
                0x08001c0c                        PROVIDE (__preinit_array_start = .)
 *(.preinit_array*)
                0x08001c0c                        PROVIDE (__preinit_array_end = .)
                0x08001c0c                        . = ALIGN (0x4)

.init_array     0x08001c0c        0x4
                0x08001c0c                        . = ALIGN (0x4)
                0x08001c0c                        PROVIDE (__init_array_start = .)
 *(SORT_BY_NAME(.init_array.*))
 *(.init_array*)
 .init_array    0x08001c0c        0x4 D:/program_files/STM32CubeIDE_1.18.1/STM32CubeIDE/plugins/com.st.stm32cube.ide.mcu.externaltools.gnu-tools-for-stm32.13.3.rel1.win32_1.0.0.202411081344/tools/bin/../lib/gcc/arm-none-eabi/13.3.1/thumb/v7e-m+fp/hard/crtbegin.o
                0x08001c10                        PROVIDE (__init_array_end = .)
                0x08001c10                        . = ALIGN (0x4)

.fini_array     0x08001c10        0x4
                0x08001c10                        . = ALIGN (0x4)
                [!provide]                        PROVIDE (__fini_array_start = .)
 *(SORT_BY_NAME(.fini_array.*))
 *(.fini_array*)
 .fini_array    0x08001c10        0x4 D:/program_files/STM32CubeIDE_1.18.1/STM32CubeIDE/plugins/com.st.stm32cube.ide.mcu.externaltools.gnu-tools-for-stm32.13.3.rel1.win32_1.0.0.202411081344/tools/bin/../lib/gcc/arm-none-eabi/13.3.1/thumb/v7e-m+fp/hard/crtbegin.o
                [!provide]                        PROVIDE (__fini_array_end = .)
                0x08001c14                        . = ALIGN (0x4)
                0x08001c14                        _sidata = LOADADDR (.data)

.rel.dyn        0x08001c14        0x0
 .rel.iplt      0x08001c14        0x0 D:/program_files/STM32CubeIDE_1.18.1/STM32CubeIDE/plugins/com.st.stm32cube.ide.mcu.externaltools.gnu-tools-for-stm32.13.3.rel1.win32_1.0.0.202411081344/tools/bin/../lib/gcc/arm-none-eabi/13.3.1/thumb/v7e-m+fp/hard/crtbegin.o

.data           0x20000000      0x25c load address 0x08001c14
                0x20000000                        . = ALIGN (0x4)
                0x20000000                        _sdata = .
 *(.data)
 *(.data*)
 .data.font6x8  0x20000000       0xa8 ./Core/Src/ssd1306.o
                0x20000000                font6x8
 .data.font8x16
                0x200000a8      0x1b0 ./Core/Src/ssd1306.o
                0x200000a8                font8x16
 .data.uwTickFreq
                0x20000258        0x1 ./Drivers/STM32F4xx_HAL_Driver/Src/stm32f4xx_hal.o
                0x20000258                uwTickFreq
 *(.RamFunc)
 *(.RamFunc*)
                0x2000025c                        . = ALIGN (0x4)
 *fill*         0x20000259        0x3 
                0x2000025c                        _edata = .

.igot.plt       0x2000025c        0x0 load address 0x08001e70
 .igot.plt      0x2000025c        0x0 D:/program_files/STM32CubeIDE_1.18.1/STM32CubeIDE/plugins/com.st.stm32cube.ide.mcu.externaltools.gnu-tools-for-stm32.13.3.rel1.win32_1.0.0.202411081344/tools/bin/../lib/gcc/arm-none-eabi/13.3.1/thumb/v7e-m+fp/hard/crtbegin.o
                0x2000025c                        . = ALIGN (0x4)

.bss            0x2000025c       0x38 load address 0x08001e70
                0x2000025c                        _sbss = .
                0x2000025c                        __bss_start__ = _sbss
 *(.bss)
 .bss           0x2000025c       0x1c D:/program_files/STM32CubeIDE_1.18.1/STM32CubeIDE/plugins/com.st.stm32cube.ide.mcu.externaltools.gnu-tools-for-stm32.13.3.rel1.win32_1.0.0.202411081344/tools/bin/../lib/gcc/arm-none-eabi/13.3.1/thumb/v7e-m+fp/hard/crtbegin.o
 *(.bss*)
 .bss.uid_cnt   0x20000278        0x1 ./Core/Src/MFRC522.o
                0x20000278                uid_cnt
 .bss.button_state
                0x20000279        0x1 ./Core/Src/button.o
                0x20000279                button_state
 .bss.button_cnt
                0x2000027a        0x1 ./Core/Src/button.o
 *fill*         0x2000027b        0x1 
 .bss.uid_ls    0x2000027c       0x10 ./Core/Src/main.o
                0x2000027c                uid_ls
 .bss.cnt       0x2000028c        0x4 ./Core/Src/timer.o
 .bss.uwTick    0x20000290        0x4 ./Drivers/STM32F4xx_HAL_Driver/Src/stm32f4xx_hal.o
                0x20000290                uwTick
 *(COMMON)
                0x20000294                        . = ALIGN (0x4)
                0x20000294                        _ebss = .
                0x20000294                        __bss_end__ = _ebss

._user_heap_stack
                0x20000294      0x604 load address 0x08001e70
                0x20000298                        . = ALIGN (0x8)
 *fill*         0x20000294        0x4 
                [!provide]                        PROVIDE (end = .)
                0x20000298                        PROVIDE (_end = .)
                0x20000498                        . = (. + _Min_Heap_Size)
 *fill*         0x20000298      0x200 
                0x20000898                        . = (. + _Min_Stack_Size)
 *fill*         0x20000498      0x400 
                0x20000898                        . = ALIGN (0x8)

/DISCARD/
 libc.a(*)
 libm.a(*)
 libgcc.a(*)

.ARM.attributes
                0x00000000       0x30
 *(.ARM.attributes)
 .ARM.attributes
                0x00000000       0x22 D:/program_files/STM32CubeIDE_1.18.1/STM32CubeIDE/plugins/com.st.stm32cube.ide.mcu.externaltools.gnu-tools-for-stm32.13.3.rel1.win32_1.0.0.202411081344/tools/bin/../lib/gcc/arm-none-eabi/13.3.1/thumb/v7e-m+fp/hard/crti.o
 .ARM.attributes
                0x00000022       0x34 D:/program_files/STM32CubeIDE_1.18.1/STM32CubeIDE/plugins/com.st.stm32cube.ide.mcu.externaltools.gnu-tools-for-stm32.13.3.rel1.win32_1.0.0.202411081344/tools/bin/../lib/gcc/arm-none-eabi/13.3.1/thumb/v7e-m+fp/hard/crtbegin.o
 .ARM.attributes
                0x00000056       0x34 ./Core/Src/MFRC522.o
 .ARM.attributes
                0x0000008a       0x34 ./Core/Src/button.o
 .ARM.attributes
                0x000000be       0x34 ./Core/Src/clock.o
 .ARM.attributes
                0x000000f2       0x34 ./Core/Src/main.o
 .ARM.attributes
                0x00000126       0x34 ./Core/Src/servo.o
 .ARM.attributes
                0x0000015a       0x34 ./Core/Src/ssd1306.o
 .ARM.attributes
                0x0000018e       0x34 ./Core/Src/stm32_uart.o
 .ARM.attributes
                0x000001c2       0x34 ./Core/Src/stm32f4xx_it.o
 .ARM.attributes
                0x000001f6       0x34 ./Core/Src/system_stm32f4xx.o
 .ARM.attributes
                0x0000022a       0x34 ./Core/Src/timer.o
 .ARM.attributes
                0x0000025e       0x21 ./Core/Startup/startup_stm32f411vetx.o
 .ARM.attributes
                0x0000027f       0x34 ./Drivers/STM32F4xx_HAL_Driver/Src/stm32f4xx_hal.o
 .ARM.attributes
                0x000002b3       0x34 D:/program_files/STM32CubeIDE_1.18.1/STM32CubeIDE/plugins/com.st.stm32cube.ide.mcu.externaltools.gnu-tools-for-stm32.13.3.rel1.win32_1.0.0.202411081344/tools/bin/../lib/gcc/arm-none-eabi/13.3.1/../../../../arm-none-eabi/lib/thumb/v7e-m+fp/hard\libc_nano.a(libc_a-init.o)
 .ARM.attributes
                0x000002e7       0x22 D:/program_files/STM32CubeIDE_1.18.1/STM32CubeIDE/plugins/com.st.stm32cube.ide.mcu.externaltools.gnu-tools-for-stm32.13.3.rel1.win32_1.0.0.202411081344/tools/bin/../lib/gcc/arm-none-eabi/13.3.1/thumb/v7e-m+fp/hard/crtn.o
OUTPUT(smart_door_lock.elf elf32-littlearm)
LOAD linker stubs
LOAD D:/program_files/STM32CubeIDE_1.18.1/STM32CubeIDE/plugins/com.st.stm32cube.ide.mcu.externaltools.gnu-tools-for-stm32.13.3.rel1.win32_1.0.0.202411081344/tools/bin/../lib/gcc/arm-none-eabi/13.3.1/../../../../arm-none-eabi/lib/thumb/v7e-m+fp/hard\libc.a
LOAD D:/program_files/STM32CubeIDE_1.18.1/STM32CubeIDE/plugins/com.st.stm32cube.ide.mcu.externaltools.gnu-tools-for-stm32.13.3.rel1.win32_1.0.0.202411081344/tools/bin/../lib/gcc/arm-none-eabi/13.3.1/../../../../arm-none-eabi/lib/thumb/v7e-m+fp/hard\libm.a
LOAD D:/program_files/STM32CubeIDE_1.18.1/STM32CubeIDE/plugins/com.st.stm32cube.ide.mcu.externaltools.gnu-tools-for-stm32.13.3.rel1.win32_1.0.0.202411081344/tools/bin/../lib/gcc/arm-none-eabi/13.3.1/thumb/v7e-m+fp/hard\libgcc.a

.debug_info     0x00000000     0x2f15
 .debug_info    0x00000000      0x8ea ./Core/Src/MFRC522.o
 .debug_info    0x000008ea      0x29b ./Core/Src/button.o
 .debug_info    0x00000b85      0x2c3 ./Core/Src/clock.o
 .debug_info    0x00000e48      0x237 ./Core/Src/main.o
 .debug_info    0x0000107f      0x2de ./Core/Src/servo.o
 .debug_info    0x0000135d      0x6ec ./Core/Src/ssd1306.o
 .debug_info    0x00001a49      0x2b8 ./Core/Src/stm32_uart.o
 .debug_info    0x00001d01      0x112 ./Core/Src/stm32f4xx_it.o
 .debug_info    0x00001e13      0x53e ./Core/Src/system_stm32f4xx.o
 .debug_info    0x00002351      0x2d0 ./Core/Src/timer.o
 .debug_info    0x00002621       0x30 ./Core/Startup/startup_stm32f411vetx.o
 .debug_info    0x00002651      0x8c4 ./Drivers/STM32F4xx_HAL_Driver/Src/stm32f4xx_hal.o

.debug_abbrev   0x00000000      0xfb8
 .debug_abbrev  0x00000000      0x2e2 ./Core/Src/MFRC522.o
 .debug_abbrev  0x000002e2      0x13a ./Core/Src/button.o
 .debug_abbrev  0x0000041c       0xd9 ./Core/Src/clock.o
 .debug_abbrev  0x000004f5       0xfb ./Core/Src/main.o
 .debug_abbrev  0x000005f0      0x11c ./Core/Src/servo.o
 .debug_abbrev  0x0000070c      0x225 ./Core/Src/ssd1306.o
 .debug_abbrev  0x00000931      0x157 ./Core/Src/stm32_uart.o
 .debug_abbrev  0x00000a88       0x73 ./Core/Src/stm32f4xx_it.o
 .debug_abbrev  0x00000afb      0x11a ./Core/Src/system_stm32f4xx.o
 .debug_abbrev  0x00000c15      0x134 ./Core/Src/timer.o
 .debug_abbrev  0x00000d49       0x24 ./Core/Startup/startup_stm32f411vetx.o
 .debug_abbrev  0x00000d6d      0x24b ./Drivers/STM32F4xx_HAL_Driver/Src/stm32f4xx_hal.o

.debug_aranges  0x00000000      0x4a8
 .debug_aranges
                0x00000000       0xf0 ./Core/Src/MFRC522.o
 .debug_aranges
                0x000000f0       0x40 ./Core/Src/button.o
 .debug_aranges
                0x00000130       0x40 ./Core/Src/clock.o
 .debug_aranges
                0x00000170       0x20 ./Core/Src/main.o
 .debug_aranges
                0x00000190       0x40 ./Core/Src/servo.o
 .debug_aranges
                0x000001d0       0xa0 ./Core/Src/ssd1306.o
 .debug_aranges
                0x00000270       0x40 ./Core/Src/stm32_uart.o
 .debug_aranges
                0x000002b0       0x60 ./Core/Src/stm32f4xx_it.o
 .debug_aranges
                0x00000310       0x28 ./Core/Src/system_stm32f4xx.o
 .debug_aranges
                0x00000338       0x58 ./Core/Src/timer.o
 .debug_aranges
                0x00000390       0x28 ./Core/Startup/startup_stm32f411vetx.o
 .debug_aranges
                0x000003b8       0xf0 ./Drivers/STM32F4xx_HAL_Driver/Src/stm32f4xx_hal.o

.debug_rnglists
                0x00000000      0x35c
 .debug_rnglists
                0x00000000       0xc0 ./Core/Src/MFRC522.o
 .debug_rnglists
                0x000000c0       0x2b ./Core/Src/button.o
 .debug_rnglists
                0x000000eb       0x2c ./Core/Src/clock.o
 .debug_rnglists
                0x00000117       0x14 ./Core/Src/main.o
 .debug_rnglists
                0x0000012b       0x2c ./Core/Src/servo.o
 .debug_rnglists
                0x00000157       0x77 ./Core/Src/ssd1306.o
 .debug_rnglists
                0x000001ce       0x2c ./Core/Src/stm32_uart.o
 .debug_rnglists
                0x000001fa       0x43 ./Core/Src/stm32f4xx_it.o
 .debug_rnglists
                0x0000023d       0x1a ./Core/Src/system_stm32f4xx.o
 .debug_rnglists
                0x00000257       0x3d ./Core/Src/timer.o
 .debug_rnglists
                0x00000294       0x19 ./Core/Startup/startup_stm32f411vetx.o
 .debug_rnglists
                0x000002ad       0xaf ./Drivers/STM32F4xx_HAL_Driver/Src/stm32f4xx_hal.o

.debug_macro    0x00000000    0x14cae
 .debug_macro   0x00000000      0x1d5 ./Core/Src/MFRC522.o
 .debug_macro   0x000001d5      0xad8 ./Core/Src/MFRC522.o
 .debug_macro   0x00000cad      0x28f ./Core/Src/MFRC522.o
 .debug_macro   0x00000f3c       0x2e ./Core/Src/MFRC522.o
 .debug_macro   0x00000f6a       0x28 ./Core/Src/MFRC522.o
 .debug_macro   0x00000f92       0x22 ./Core/Src/MFRC522.o
 .debug_macro   0x00000fb4       0x8e ./Core/Src/MFRC522.o
 .debug_macro   0x00001042       0x51 ./Core/Src/MFRC522.o
 .debug_macro   0x00001093      0x103 ./Core/Src/MFRC522.o
 .debug_macro   0x00001196       0x6a ./Core/Src/MFRC522.o
 .debug_macro   0x00001200      0x1df ./Core/Src/MFRC522.o
 .debug_macro   0x000013df       0x1c ./Core/Src/MFRC522.o
 .debug_macro   0x000013fb       0x22 ./Core/Src/MFRC522.o
 .debug_macro   0x0000141d       0xfb ./Core/Src/MFRC522.o
 .debug_macro   0x00001518     0x1011 ./Core/Src/MFRC522.o
 .debug_macro   0x00002529      0x11f ./Core/Src/MFRC522.o
 .debug_macro   0x00002648     0xb968 ./Core/Src/MFRC522.o
 .debug_macro   0x0000dfb0       0x6d ./Core/Src/MFRC522.o
 .debug_macro   0x0000e01d     0x3693 ./Core/Src/MFRC522.o
 .debug_macro   0x000116b0      0x190 ./Core/Src/MFRC522.o
 .debug_macro   0x00011840       0x5c ./Core/Src/MFRC522.o
 .debug_macro   0x0001189c      0x45c ./Core/Src/MFRC522.o
 .debug_macro   0x00011cf8      0x9e9 ./Core/Src/MFRC522.o
 .debug_macro   0x000126e1      0x115 ./Core/Src/MFRC522.o
 .debug_macro   0x000127f6      0x11b ./Core/Src/MFRC522.o
 .debug_macro   0x00012911       0xa5 ./Core/Src/MFRC522.o
 .debug_macro   0x000129b6      0x15f ./Core/Src/MFRC522.o
 .debug_macro   0x00012b15      0x287 ./Core/Src/MFRC522.o
 .debug_macro   0x00012d9c       0x5f ./Core/Src/MFRC522.o
 .debug_macro   0x00012dfb      0x236 ./Core/Src/MFRC522.o
 .debug_macro   0x00013031      0x132 ./Core/Src/MFRC522.o
 .debug_macro   0x00013163      0x264 ./Core/Src/MFRC522.o
 .debug_macro   0x000133c7       0x2e ./Core/Src/MFRC522.o
 .debug_macro   0x000133f5      0x127 ./Core/Src/MFRC522.o
 .debug_macro   0x0001351c       0x85 ./Core/Src/MFRC522.o
 .debug_macro   0x000135a1       0x89 ./Core/Src/MFRC522.o
 .debug_macro   0x0001362a      0x126 ./Core/Src/MFRC522.o
 .debug_macro   0x00013750       0x16 ./Core/Src/MFRC522.o
 .debug_macro   0x00013766       0x10 ./Core/Src/MFRC522.o
 .debug_macro   0x00013776      0x232 ./Core/Src/MFRC522.o
 .debug_macro   0x000139a8      0x1de ./Core/Src/button.o
 .debug_macro   0x00013b86       0x46 ./Core/Src/button.o
 .debug_macro   0x00013bcc       0x34 ./Core/Src/button.o
 .debug_macro   0x00013c00      0x1c3 ./Core/Src/clock.o
 .debug_macro   0x00013dc3      0x1f9 ./Core/Src/main.o
 .debug_macro   0x00013fbc       0x16 ./Core/Src/main.o
 .debug_macro   0x00013fd2       0x16 ./Core/Src/main.o
 .debug_macro   0x00013fe8      0x1d5 ./Core/Src/servo.o
 .debug_macro   0x000141bd      0x1d5 ./Core/Src/ssd1306.o
 .debug_macro   0x00014392      0x1cc ./Core/Src/stm32_uart.o
 .debug_macro   0x0001455e      0x1c4 ./Core/Src/stm32f4xx_it.o
 .debug_macro   0x00014722      0x1b0 ./Core/Src/system_stm32f4xx.o
 .debug_macro   0x000148d2      0x1cc ./Core/Src/timer.o
 .debug_macro   0x00014a9e      0x210 ./Drivers/STM32F4xx_HAL_Driver/Src/stm32f4xx_hal.o

.debug_line     0x00000000     0x62ab
 .debug_line    0x00000000      0xdff ./Core/Src/MFRC522.o
 .debug_line    0x00000dff      0x853 ./Core/Src/button.o
 .debug_line    0x00001652      0x81f ./Core/Src/clock.o
 .debug_line    0x00001e71      0x79c ./Core/Src/main.o
 .debug_line    0x0000260d      0x7f7 ./Core/Src/servo.o
 .debug_line    0x00002e04      0xb21 ./Core/Src/ssd1306.o
 .debug_line    0x00003925      0x7fc ./Core/Src/stm32_uart.o
 .debug_line    0x00004121      0x7a8 ./Core/Src/stm32f4xx_it.o
 .debug_line    0x000048c9      0x76f ./Core/Src/system_stm32f4xx.o
 .debug_line    0x00005038      0x80e ./Core/Src/timer.o
 .debug_line    0x00005846       0x7a ./Core/Startup/startup_stm32f411vetx.o
 .debug_line    0x000058c0      0x9eb ./Drivers/STM32F4xx_HAL_Driver/Src/stm32f4xx_hal.o

.debug_str      0x00000000    0x7fcd6
 .debug_str     0x00000000    0x7fcd6 ./Core/Src/MFRC522.o
                              0x7eb78 (size before relaxing)
 .debug_str     0x0007fcd6    0x7e45d ./Core/Src/button.o
 .debug_str     0x0007fcd6    0x7e3d5 ./Core/Src/clock.o
 .debug_str     0x0007fcd6    0x7ea62 ./Core/Src/main.o
 .debug_str     0x0007fcd6    0x7e3f1 ./Core/Src/servo.o
 .debug_str     0x0007fcd6    0x7e564 ./Core/Src/ssd1306.o
 .debug_str     0x0007fcd6    0x7e38b ./Core/Src/stm32_uart.o
 .debug_str     0x0007fcd6    0x7e1e2 ./Core/Src/stm32f4xx_it.o
 .debug_str     0x0007fcd6    0x7e31e ./Core/Src/system_stm32f4xx.o
 .debug_str     0x0007fcd6    0x7e31f ./Core/Src/timer.o
 .debug_str     0x0007fcd6       0x87 ./Core/Startup/startup_stm32f411vetx.o
 .debug_str     0x0007fcd6    0x7ed4a ./Drivers/STM32F4xx_HAL_Driver/Src/stm32f4xx_hal.o

.comment        0x00000000       0x43
 .comment       0x00000000       0x43 ./Core/Src/MFRC522.o
                                 0x44 (size before relaxing)
 .comment       0x00000043       0x44 ./Core/Src/button.o
 .comment       0x00000043       0x44 ./Core/Src/clock.o
 .comment       0x00000043       0x44 ./Core/Src/main.o
 .comment       0x00000043       0x44 ./Core/Src/servo.o
 .comment       0x00000043       0x44 ./Core/Src/ssd1306.o
 .comment       0x00000043       0x44 ./Core/Src/stm32_uart.o
 .comment       0x00000043       0x44 ./Core/Src/stm32f4xx_it.o
 .comment       0x00000043       0x44 ./Core/Src/system_stm32f4xx.o
 .comment       0x00000043       0x44 ./Core/Src/timer.o
 .comment       0x00000043       0x44 ./Drivers/STM32F4xx_HAL_Driver/Src/stm32f4xx_hal.o

.debug_frame    0x00000000      0xfe0
 .debug_frame   0x00000000      0x3d4 ./Core/Src/MFRC522.o
 .debug_frame   0x000003d4       0xcc ./Core/Src/button.o
 .debug_frame   0x000004a0       0xd8 ./Core/Src/clock.o
 .debug_frame   0x00000578       0x2c ./Core/Src/main.o
 .debug_frame   0x000005a4       0xb8 ./Core/Src/servo.o
 .debug_frame   0x0000065c      0x27c ./Core/Src/ssd1306.o
 .debug_frame   0x000008d8       0xcc ./Core/Src/stm32_uart.o
 .debug_frame   0x000009a4      0x104 ./Core/Src/stm32f4xx_it.o
 .debug_frame   0x00000aa8       0x58 ./Core/Src/system_stm32f4xx.o
 .debug_frame   0x00000b00      0x140 ./Core/Src/timer.o
 .debug_frame   0x00000c40      0x374 ./Drivers/STM32F4xx_HAL_Driver/Src/stm32f4xx_hal.o
 .debug_frame   0x00000fb4       0x2c D:/program_files/STM32CubeIDE_1.18.1/STM32CubeIDE/plugins/com.st.stm32cube.ide.mcu.externaltools.gnu-tools-for-stm32.13.3.rel1.win32_1.0.0.202411081344/tools/bin/../lib/gcc/arm-none-eabi/13.3.1/../../../../arm-none-eabi/lib/thumb/v7e-m+fp/hard\libc_nano.a(libc_a-init.o)

.debug_line_str
                0x00000000       0x6b
 .debug_line_str
                0x00000000       0x6b ./Core/Startup/startup_stm32f411vetx.o
