../Core/Src/MFRC522.c:33:9:MFRC522_IsValidUID	24	static
../Core/Src/MFRC522.c:53:9:MFRC522_RemoveUID	24	static
../Core/Src/MFRC522.c:74:9:MFRC522_CheckAndStoreUID	24	static
../Core/Src/MFRC522.c:91:9:MFRC522_IsTagPresent	8	static
../Core/Src/MFRC522.c:103:13:remove_UID	32	static
../Core/Src/MFRC522.c:116:16:find_UID	32	static
../Core/Src/MFRC522.c:135:16:UID_is_new	32	static
../Core/Src/MFRC522.c:153:16:UID_list_is_NOT_full	4	static
../Core/Src/MFRC522.c:158:13:store_UID	24	static
../Core/Src/MFRC522.c:167:16:check_BCC	24	static
../Core/Src/MFRC522.c:184:16:sendRequest	32	static
../Core/Src/MFRC522.c:202:16:anticoll	48	static
../Core/Src/MFRC522.c:226:16:send2Card	48	static
../Core/Src/MFRC522.c:274:13:ClearState	8	static
../Core/Src/MFRC522.c:283:16:SPI_Receive	32	static
../Core/Src/MFRC522.c:309:13:SPI_Transmit	32	static
../Core/Src/MFRC522.c:336:13:select_MFRC522	16	static
../Core/Src/MFRC522.c:345:13:NOT_select_MFRC522	16	static
../Core/Src/MFRC522.c:356:13:write	16	static
../Core/Src/MFRC522.c:367:16:read	24	static
../Core/Src/MFRC522.c:375:13:ClearBitMask	24	static
../Core/Src/MFRC522.c:381:13:SetBitMask	24	static
../Core/Src/MFRC522.c:387:13:AntennaOFF	8	static
../Core/Src/MFRC522.c:392:13:AntennaON	8	static
../Core/Src/MFRC522.c:398:6:MFRC522_reset	16	static
../Core/Src/MFRC522.c:417:6:MFRC522_Init	8	static
../Core/Src/MFRC522.c:431:6:SPI_Init	24	static
