../Core/Src/ssd1306.c:105:6:SSD1306_default_mode	8	static
../Core/Src/ssd1306.c:115:6:SSD1306_ClrPage	24	static
../Core/Src/ssd1306.c:132:6:SSD1306_print8x16	40	static
../Core/Src/ssd1306.c:164:6:SSD1306_print6x8	32	static
../Core/Src/ssd1306.c:182:6:SSD1306_print_alphabet	16	static
../Core/Src/ssd1306.c:195:6:SSD1306_ClrScr	16	static
../Core/Src/ssd1306.c:208:6:SSD1306_FillWhite	16	static
../Core/Src/ssd1306.c:228:6:SSD1306_Init	8	static
../Core/Src/ssd1306.c:261:16:get_size	24	static
../Core/Src/ssd1306.c:273:13:gotoxy	24	static
../Core/Src/ssd1306.c:284:13:I2C_send_byte	24	static
../Core/Src/ssd1306.c:292:13:I2C_stop	16	static
../Core/Src/ssd1306.c:298:13:I2C_send_addr	32	static
../Core/Src/ssd1306.c:313:13:I2C_start	16	static
../Core/Src/ssd1306.c:323:13:OLED_WriteData	16	static
../Core/Src/ssd1306.c:332:13:OLED_WriteCMD	16	static
../Core/Src/ssd1306.c:341:6:I2C_Init	40	static
